python : Traceback (most 
recent call last):
At line:1 char:1
+ python -m uvicorn 
app.main:app --port 8000 2> 
error_log.txt
+ ~~~~~~~~~~~~~~~~~~~~~~~~~~
~~~~~~~~~~~~~~~~~~~~~~~~~~~~
~~~~~
    + CategoryInfo          
    : NotSpecified: (Trace  
  back (most recent call    
 last)::String) [], Remo    
teException
    + FullyQualifiedErrorId 
    : NativeCommandError
 
  File "<frozen runpy>", 
line 198, in 
_run_module_as_main
  File "<frozen runpy>", 
line 88, in _run_code
  File "C:\Users\durwa\AppDa
ta\Local\Programs\Python\Pyt
hon311\Lib\site-packages\uvi
corn\__main__.py", line 4, 
in <module>
    uvicorn.main()
  File "C:\Users\durwa\AppDa
ta\Local\Programs\Python\Pyt
hon311\Lib\site-packages\cli
ck\core.py", line 1485, in 
__call__
    return self.main(*args, 
**kwargs)
           
^^^^^^^^^^^^^^^^^^^^^^^^^^
  File "C:\Users\durwa\AppDa
ta\Local\Programs\Python\Pyt
hon311\Lib\site-packages\cli
ck\core.py", line 1406, in 
main
    rv = self.invoke(ctx)
         ^^^^^^^^^^^^^^^^
  File "C:\Users\durwa\AppDa
ta\Local\Programs\Python\Pyt
hon311\Lib\site-packages\cli
ck\core.py", line 1269, in 
invoke
    return 
ctx.invoke(self.callback, 
**ctx.params)
           ^^^^^^^^^^^^^^^^^
^^^^^^^^^^^^^^^^^^^^^^
  File "C:\Users\durwa\AppDa
ta\Local\Programs\Python\Pyt
hon311\Lib\site-packages\cli
ck\core.py", line 824, in 
invoke
    return callback(*args, 
**kwargs)
           
^^^^^^^^^^^^^^^^^^^^^^^^^
  File "C:\Users\durwa\AppDa
ta\Local\Programs\Python\Pyt
hon311\Lib\site-packages\uvi
corn\main.py", line 418, in 
main
    run(
  File "C:\Users\durwa\AppDa
ta\Local\Programs\Python\Pyt
hon311\Lib\site-packages\uvi
corn\main.py", line 587, in 
run
    server.run()
  File "C:\Users\durwa\AppDa
ta\Local\Programs\Python\Pyt
hon311\Lib\site-packages\uvi
corn\server.py", line 62, 
in run
    return asyncio.run(self.
serve(sockets=sockets))
           ^^^^^^^^^^^^^^^^^
^^^^^^^^^^^^^^^^^^^^^^^
  File "C:\Users\durwa\AppDa
ta\Local\Programs\Python\Pyt
hon311\Lib\asyncio\runners.p
y", line 190, in run
    return runner.run(main)
           ^^^^^^^^^^^^^^^^
  File "C:\Users\durwa\AppDa
ta\Local\Programs\Python\Pyt
hon311\Lib\asyncio\runners.p
y", line 118, in run
    return self._loop.run_un
til_complete(task)
           ^^^^^^^^^^^^^^^^^
^^^^^^^^^^^^^^^^^^
  File "C:\Users\durwa\AppDa
ta\Local\Programs\Python\Pyt
hon311\Lib\asyncio\base_even
ts.py", line 654, in 
run_until_complete
    return future.result()
           ^^^^^^^^^^^^^^^
  File "C:\Users\durwa\AppDa
ta\Local\Programs\Python\Pyt
hon311\Lib\site-packages\uvi
corn\server.py", line 69, 
in serve
    config.load()
  File "C:\Users\durwa\AppDa
ta\Local\Programs\Python\Pyt
hon311\Lib\site-packages\uvi
corn\config.py", line 458, 
in load
    self.loaded_app = 
import_from_string(self.app)
                      
^^^^^^^^^^^^^^^^^^^^^^^^^^^^
  File "C:\Users\durwa\AppDa
ta\Local\Programs\Python\Pyt
hon311\Lib\site-packages\uvi
corn\importer.py", line 21, 
in import_from_string
    module = importlib.impor
t_module(module_str)
             ^^^^^^^^^^^^^^^
^^^^^^^^^^^^^^^^^^^^
  File "C:\Users\durwa\AppDa
ta\Local\Programs\Python\Pyt
hon311\Lib\importlib\__init_
_.py", line 126, in 
import_module
    return _bootstrap._gcd_i
mport(name[level:], 
package, level)
           ^^^^^^^^^^^^^^^^^
^^^^^^^^^^^^^^^^^^^^^^^^^^^^
^^^^^^^
  File "<frozen 
importlib._bootstrap>", 
line 1204, in _gcd_import
  File "<frozen 
importlib._bootstrap>", 
line 1176, in _find_and_load
  File "<frozen 
importlib._bootstrap>", 
line 1147, in 
_find_and_load_unlocked
  File "<frozen 
importlib._bootstrap>", 
line 690, in _load_unlocked
  File "<frozen importlib._b
ootstrap_external>", line 
940, in exec_module
  File "<frozen 
importlib._bootstrap>", 
line 241, in 
_call_with_frames_removed
  File "D:\6th SEM\SDM_Proje
ct\project\backend\app\main.
py", line 7, in <module>
    from app.api import 
auth, users, websocket, 
workouts, chat
  File "D:\6th SEM\SDM_Proje
ct\project\backend\app\api\c
hat.py", line 7, in <module>
    from app.api.auth 
import get_current_user
ImportError: cannot import 
name 'get_current_user' 
from 'app.api.auth' (D:\6th 
SEM\SDM_Project\project\back
end\app\api\auth.py)
